
======================================
MPI INITIALIZATION COMPLETE
======================================
Ranks        : 2
Global grid  : 1536 x 1024
Local grid   : 769 x 1024
Domain size  : 1.500000 x 1.000000
dx, dy       : 0.000977, 0.000978
dt, NT       : 1.000000e-05, 7500
GMRES        : max_iter=250 tol=1.000000e-04
======================================

MPI run summary
Ranks        : 2
Global grid  : 1536 x 1024
Local grid   : 769 x 1024
Domain size  : 1.500000 x 1.000000
dx, dy       : 0.000977, 0.000978
dt, NT       : 1.000000e-05, 7500
GMRES        : max_iter=250 tol=1.000000e-04
Total runtime : 12626.547397 s
Operator total : 7804.209116 s (1882500 calls)
GMRES total : 12488.593975 s (7500 calls)
