
======================================
MPI INITIALIZATION COMPLETE
======================================
Ranks        : 1
Global grid  : 75 x 50
Local grid   : 75 x 50
Domain size  : 1.500000 x 1.000000
dx, dy       : 0.020270, 0.020408
dt, NT       : 1.000000e-05, 7500
GMRES        : max_iter=250 tol=1.000000e-04
======================================

MPI run summary
Ranks        : 1
Global grid  : 75 x 50
Local grid   : 75 x 50
Domain size  : 1.500000 x 1.000000
dx, dy       : 0.020270, 0.020408
dt, NT       : 1.000000e-05, 7500
GMRES        : max_iter=250 tol=1.000000e-04
Total runtime : 18.588258 s
Operator total : 8.187224 s (937626 calls)
GMRES total : 18.033676 s (7500 calls)
