Using 2 OpenMP threads

======================================
INITIALIZATION COMPLETE
======================================
Global grid  : 75 x 50
Domain size  : 1.500000 x 1.000000
dx, dy       : 0.020270, 0.020408
dt, NT       : 1.000000e-05, 7500
GMRES        : max_iter=2000 tol=1.000000e-04
======================================

OpenMP run summary
Threads      : 2
Global grid  : 75 x 50
Domain size  : 1.500000 x 1.000000
dx, dy       : 0.020270, 0.020408
dt, NT       : 1.000000e-05, 7500
GMRES        : max_iter=2000 tol=1.000000e-04
Total runtime : 15.924227 s
Operator total : 7.658589 s (937500 calls)
GMRES total : 15.457496 s (7500 calls)
