
======================================
MPI INITIALIZATION COMPLETE
======================================
Ranks        : 2
Global grid  : 75 x 50
Local grid   : 39 x 50
Domain size  : 1.500000 x 1.000000
dx, dy       : 0.020270, 0.020408
dt, NT       : 1.000000e-05, 7500
GMRES        : max_iter=250 tol=1.000000e-04
======================================

MPI run summary
Ranks        : 2
Global grid  : 75 x 50
Local grid   : 39 x 50
Domain size  : 1.500000 x 1.000000
dx, dy       : 0.020270, 0.020408
dt, NT       : 1.000000e-05, 7500
GMRES        : max_iter=250 tol=1.000000e-04
Total runtime : 12.724167 s
Operator total : 5.014731 s (937626 calls)
GMRES total : 12.384049 s (7500 calls)
