Using 16 OpenMP threads

======================================
INITIALIZATION COMPLETE
======================================
Global grid  : 1536 x 1024
Domain size  : 1.500000 x 1.000000
dx, dy       : 0.000977, 0.000978
dt, NT       : 1.000000e-05, 7500
GMRES        : max_iter=2000 tol=1.000000e-04
======================================

OpenMP run summary
Threads      : 16
Global grid  : 1536 x 1024
Domain size  : 1.500000 x 1.000000
dx, dy       : 0.000977, 0.000978
dt, NT       : 1.000000e-05, 7500
GMRES        : max_iter=2000 tol=1.000000e-04
Total runtime : 101.194995 s
Operator total : 67.047951 s (54027 calls)
GMRES total : 100.979419 s (27 calls)
